// Jest Snapshot v1, https://goo.gl/fbAQLP

exports[`Footer it renders correctly 1`] = `
<div>
  <hr
    className="Footer-divider-2"
  />
  <div
    className="MuiGrid-root MuiGrid-container"
  >
    <div
      className="MuiGrid-root Footer-row-1 MuiGrid-item MuiGrid-grid-xs-12"
    >
      Â© Copyright 2018 Garth Whitaker
    </div>
  </div>
</div>
`;
